title
"Average Wall Hours per Session: by Provider"
parameters

start,end
2018-04-18,2018-04-30
---------
Provider,"Average Wall Hours per Session"
"screw - Screwdriver",23.14954403
---------
