title
"Number of Active Sessions: by Provider"
parameters

start,end
2018-04-18,2018-04-30
---------
Month,"[screw - Screwdriver] Number of Active Sessions (Number of Sessions)"
2018-04,53
---------
